\BOOKMARK [1][-]{section.1}{\376\377\116\000}{}% 1
\BOOKMARK [2][-]{subsection.1.1}{\376\377\377\010\116\000\377\011}{section.1}% 2
\BOOKMARK [2][-]{subsection.1.2}{\376\377\116\214}{section.1}% 3
\BOOKMARK [1][-]{section.2}{\376\377\116\214}{}% 4
\BOOKMARK [1][-]{section.3}{\376\377\171\201}{}% 5
