\BOOKMARK [1][-]{section.1}{\376\377\126\376\162\107\123\237\131\313\131\047\134\017}{}% 1
\BOOKMARK [1][-]{section.2}{\376\377\000s\000c\000a\000l\000e\210\150\171\072\126\376\162\107\177\051\145\076\120\015\145\160\377\010\0000\000.\0003\120\015\000/\0000\000.\0005\120\015\000/\0000\000.\0007\120\015\377\011}{}% 2
\BOOKMARK [1][-]{section.3}{\376\377\000w\000i\000d\000t\000h\210\150\171\072\126\376\162\107\133\275\136\246\377\010\0003\000c\000m\000/\0000\000.\0003\120\015\230\165\133\275\377\011}{}% 3
\BOOKMARK [1][-]{section.4}{\376\377\000h\000e\000i\000g\000h\000t\210\150\171\072\126\376\162\107\232\330\136\246\377\010\0001\000c\000m\000/\0000\000.\0001\120\015\230\165\232\330\377\011}{}% 4
\BOOKMARK [1][-]{section.5}{\376\377\000a\000n\000g\000l\000e\210\150\171\072\126\376\162\107\220\006\145\366\224\210\145\313\217\154\211\322\136\246\377\014\000o\000r\000i\000g\000i\000n\210\150\171\072\126\376\162\107\145\313\217\154\116\055\137\303\377\014\236\330\213\244\120\074\116\072\000l\377\010\135\346\377\011\377\014\123\357\116\345\213\276\177\156\116\072\000r\377\010\123\363\377\011\060\001\000c\377\010\116\055\377\011\060\001\000t\377\010\230\166\377\011\060\001\000b\377\010\136\225\377\011\060\001\000B\377\010\127\372\176\277\377\011}{}% 5
\BOOKMARK [2][-]{subsection.5.1}{\376\377\176\325\135\346\117\247\116\055\137\303\220\006\145\366\224\210\145\313\217\154\0009\0000\136\246}{section.5}% 6
\BOOKMARK [2][-]{subsection.5.2}{\376\377\176\325\135\346\117\247\116\055\137\303\230\172\145\366\224\210\145\313\217\154\0009\0000\136\246}{section.5}% 7
\BOOKMARK [2][-]{subsection.5.3}{\376\377\176\325\123\363\117\247\116\055\137\303\220\006\145\366\224\210\145\313\217\154\0009\0000\136\246}{section.5}% 8
\BOOKMARK [2][-]{subsection.5.4}{\376\377\176\325\116\055\131\056\116\055\137\303\220\006\145\366\224\210\145\313\217\154\0009\0000\136\246}{section.5}% 9
\BOOKMARK [2][-]{subsection.5.5}{\376\377\176\325\116\055\137\303\230\166\172\357\116\055\137\303\220\006\145\366\224\210\145\313\217\154\0009\0000\136\246}{section.5}% 10
\BOOKMARK [2][-]{subsection.5.6}{\376\377\176\325\136\225\220\350\116\055\137\303\220\006\145\366\224\210\145\313\217\154\0009\0000\136\246}{section.5}% 11
\BOOKMARK [2][-]{subsection.5.7}{\376\377\176\325\127\372\176\277\116\055\137\303\220\006\145\366\224\210\145\313\217\154\0009\0000\136\246}{section.5}% 12
\BOOKMARK [1][-]{section.6}{\376\377\213\276\177\156\126\376\162\107\122\060\217\271\150\106\166\204\215\335\171\273\000\050\123\237\131\313\134\072\133\370\000/\0000\000.\0005\000c\000m\000\051}{}% 13
\BOOKMARK [1][-]{section.7}{\376\377\127\050\145\207\147\054\116\055\143\322\121\145\126\376\162\107}{}% 14
\BOOKMARK [2][-]{subsection.7.1}{\376\377\116\015\117\177\165\050\155\156\122\250\117\123\163\257\130\203}{section.7}% 15
\BOOKMARK [2][-]{subsection.7.2}{\376\377\117\177\165\050\155\156\122\250\117\123\163\257\130\203}{section.7}% 16
\BOOKMARK [1][-]{section.8}{\376\377\126\376\145\207\155\367\143\222}{}% 17
