\BOOKMARK [1][-]{section.1}{\376\377\000A\000A\000A}{}% 1
